// Jest Snapshot v1, https://jestjs.io/docs/snapshot-testing

exports[`ImpactGrowthSection matches snapshot 1`] = `
<div>
  <section
    class="py-12 md:py-16"
    id="impact"
  >
    <div
      class="mx-auto max-w-6xl px-4"
    >
      <header
        class="mb-6 md:mb-8 flex flex-col md:flex-row md:items-end md:justify-between gap-3"
      >
        <div>
          <h2
            class="text-2xl md:text-3xl font-semibold text-slate-900"
          >
            Our Impact & Growth
          </h2>
          <p
            class="mt-2 text-sm md:text-base text-slate-600 max-w-2xl"
          >
            Tracking how Wathaci Connect supports the SME ecosystem in Zambia through services, partnerships, and opportunities.
          </p>
        </div>
      </header>
      <div
        class="grid gap-4 sm:grid-cols-2 lg:grid-cols-4"
      >
        <article
          class="rounded-xl border border-slate-100 bg-white px-4 py-5 shadow-sm"
        >
          <p
            class="text-xs font-medium uppercase tracking-wide text-slate-500"
          >
            SMEs Supported
          </p>
          <p
            class="mt-2 text-2xl md:text-3xl font-semibold text-slate-900"
          >
            125
            <span
              class="ml-1 text-base font-normal text-slate-500"
            >
              orgs
            </span>
          </p>
        </article>
        <article
          class="rounded-xl border border-slate-100 bg-white px-4 py-5 shadow-sm"
        >
          <p
            class="text-xs font-medium uppercase tracking-wide text-slate-500"
          >
            Professionals
          </p>
          <p
            class="mt-2 text-2xl md:text-3xl font-semibold text-slate-900"
          >
            240
            <span
              class="ml-1 text-base font-normal text-slate-500"
            >
              people
            </span>
          </p>
        </article>
        <article
          class="rounded-xl border border-slate-100 bg-white px-4 py-5 shadow-sm"
        >
          <p
            class="text-xs font-medium uppercase tracking-wide text-slate-500"
          >
            Investors
          </p>
          <p
            class="mt-2 text-2xl md:text-3xl font-semibold text-slate-900"
          >
            35
          </p>
        </article>
      </div>
    </div>
  </section>
</div>
`;
