// Jest Snapshot v1, https://jestjs.io/docs/snapshot-testing

exports[`StatsSection matches snapshot 1`] = `
<div>
  <section
    class="py-16 bg-gradient-to-r from-orange-50 to-green-50"
  >
    <div
      class="max-w-7xl mx-auto px-6"
    >
      <div
        class="bg-white/70 backdrop-blur-sm rounded-3xl shadow-xl border border-white/50 p-10"
      >
        <div
          class="text-center mb-12"
        >
          <h2
            class="text-3xl font-bold text-gray-900 mb-4"
          >
            Our Impact & Growth
          </h2>
          <p
            class="text-lg text-gray-600 max-w-3xl mx-auto"
          >
            Real impact metrics that demonstrate our platform's success in empowering SMEs, creating jobs, and driving economic growth across Africa
          </p>
        </div>
        <div
          class="grid md:grid-cols-4 gap-6"
        >
          <div
            class="text-center bg-white p-6 rounded-xl shadow-lg hover:shadow-xl transition-all duration-300 hover:scale-105"
          >
            <div
              class="inline-flex items-center justify-center w-16 h-16 rounded-full bg-gray-100 mb-4"
            >
              <svg
                class="lucide lucide-building2 w-8 h-8 text-orange-600"
                fill="none"
                height="24"
                stroke="currentColor"
                stroke-linecap="round"
                stroke-linejoin="round"
                stroke-width="2"
                viewBox="0 0 24 24"
                width="24"
                xmlns="http://www.w3.org/2000/svg"
              >
                <path
                  d="M6 22V4a2 2 0 0 1 2-2h8a2 2 0 0 1 2 2v18Z"
                />
                <path
                  d="M6 12H4a2 2 0 0 0-2 2v6a2 2 0 0 0 2 2h2"
                />
                <path
                  d="M18 9h2a2 2 0 0 1 2 2v9a2 2 0 0 1-2 2h-2"
                />
                <path
                  d="M10 6h4"
                />
                <path
                  d="M10 10h4"
                />
                <path
                  d="M10 14h4"
                />
                <path
                  d="M10 18h4"
                />
              </svg>
            </div>
            <div
              class="text-3xl font-bold text-gray-900 mb-2"
            >
              ...
            </div>
            <div
              class="text-gray-800 font-semibold mb-1"
            >
              SMEs Supported
            </div>
            <div
              class="text-sm text-gray-500"
            >
              Small businesses empowered
            </div>
          </div>
          <div
            class="text-center bg-white p-6 rounded-xl shadow-lg hover:shadow-xl transition-all duration-300 hover:scale-105"
          >
            <div
              class="inline-flex items-center justify-center w-16 h-16 rounded-full bg-gray-100 mb-4"
            >
              <svg
                class="lucide lucide-briefcase w-8 h-8 text-amber-600"
                fill="none"
                height="24"
                stroke="currentColor"
                stroke-linecap="round"
                stroke-linejoin="round"
                stroke-width="2"
                viewBox="0 0 24 24"
                width="24"
                xmlns="http://www.w3.org/2000/svg"
              >
                <path
                  d="M16 20V4a2 2 0 0 0-2-2h-4a2 2 0 0 0-2 2v16"
                />
                <rect
                  height="14"
                  rx="2"
                  width="20"
                  x="2"
                  y="6"
                />
              </svg>
            </div>
            <div
              class="text-3xl font-bold text-gray-900 mb-2"
            >
              ...
            </div>
            <div
              class="text-gray-800 font-semibold mb-1"
            >
              Business Professionals
            </div>
            <div
              class="text-sm text-gray-500"
            >
              Operators and SME leads onboarded
            </div>
          </div>
          <div
            class="text-center bg-white p-6 rounded-xl shadow-lg hover:shadow-xl transition-all duration-300 hover:scale-105"
          >
            <div
              class="inline-flex items-center justify-center w-16 h-16 rounded-full bg-gray-100 mb-4"
            >
              <svg
                class="lucide lucide-target w-8 h-8 text-cyan-600"
                fill="none"
                height="24"
                stroke="currentColor"
                stroke-linecap="round"
                stroke-linejoin="round"
                stroke-width="2"
                viewBox="0 0 24 24"
                width="24"
                xmlns="http://www.w3.org/2000/svg"
              >
                <circle
                  cx="12"
                  cy="12"
                  r="10"
                />
                <circle
                  cx="12"
                  cy="12"
                  r="6"
                />
                <circle
                  cx="12"
                  cy="12"
                  r="2"
                />
              </svg>
            </div>
            <div
              class="text-3xl font-bold text-gray-900 mb-2"
            >
              ...
            </div>
            <div
              class="text-gray-800 font-semibold mb-1"
            >
              Independent Freelancers
            </div>
            <div
              class="text-sm text-gray-500"
            >
              Service providers available for projects
            </div>
          </div>
          <div
            class="text-center bg-white p-6 rounded-xl shadow-lg hover:shadow-xl transition-all duration-300 hover:scale-105"
          >
            <div
              class="inline-flex items-center justify-center w-16 h-16 rounded-full bg-gray-100 mb-4"
            >
              <svg
                class="lucide lucide-trending-up w-8 h-8 text-indigo-600"
                fill="none"
                height="24"
                stroke="currentColor"
                stroke-linecap="round"
                stroke-linejoin="round"
                stroke-width="2"
                viewBox="0 0 24 24"
                width="24"
                xmlns="http://www.w3.org/2000/svg"
              >
                <polyline
                  points="22 7 13.5 15.5 8.5 10.5 2 17"
                />
                <polyline
                  points="16 7 22 7 22 13"
                />
              </svg>
            </div>
            <div
              class="text-3xl font-bold text-gray-900 mb-2"
            >
              ...
            </div>
            <div
              class="text-gray-800 font-semibold mb-1"
            >
              Active Investors
            </div>
            <div
              class="text-sm text-gray-500"
            >
              Funding partners engaged
            </div>
          </div>
          <div
            class="text-center bg-white p-6 rounded-xl shadow-lg hover:shadow-xl transition-all duration-300 hover:scale-105"
          >
            <div
              class="inline-flex items-center justify-center w-16 h-16 rounded-full bg-gray-100 mb-4"
            >
              <svg
                class="lucide lucide-heart w-8 h-8 text-red-600"
                fill="none"
                height="24"
                stroke="currentColor"
                stroke-linecap="round"
                stroke-linejoin="round"
                stroke-width="2"
                viewBox="0 0 24 24"
                width="24"
                xmlns="http://www.w3.org/2000/svg"
              >
                <path
                  d="M19 14c1.49-1.46 3-3.21 3-5.5A5.5 5.5 0 0 0 16.5 3c-1.76 0-3 .5-4.5 2-1.5-1.5-2.74-2-4.5-2A5.5 5.5 0 0 0 2 8.5c0 2.3 1.5 4.05 3 5.5l7 7Z"
                />
              </svg>
            </div>
            <div
              class="text-3xl font-bold text-gray-900 mb-2"
            >
              ...
            </div>
            <div
              class="text-gray-800 font-semibold mb-1"
            >
              Donors & Supporters
            </div>
            <div
              class="text-sm text-gray-500"
            >
              Community champions
            </div>
          </div>
          <div
            class="text-center bg-white p-6 rounded-xl shadow-lg hover:shadow-xl transition-all duration-300 hover:scale-105"
          >
            <div
              class="inline-flex items-center justify-center w-16 h-16 rounded-full bg-gray-100 mb-4"
            >
              <svg
                class="lucide lucide-award w-8 h-8 text-yellow-600"
                fill="none"
                height="24"
                stroke="currentColor"
                stroke-linecap="round"
                stroke-linejoin="round"
                stroke-width="2"
                viewBox="0 0 24 24"
                width="24"
                xmlns="http://www.w3.org/2000/svg"
              >
                <path
                  d="m15.477 12.89 1.515 8.526a.5.5 0 0 1-.81.47l-3.58-2.687a1 1 0 0 0-1.197 0l-3.586 2.686a.5.5 0 0 1-.81-.469l1.514-8.526"
                />
                <circle
                  cx="12"
                  cy="8"
                  r="6"
                />
              </svg>
            </div>
            <div
              class="text-3xl font-bold text-gray-900 mb-2"
            >
              ...
            </div>
            <div
              class="text-gray-800 font-semibold mb-1"
            >
              Success Stories
            </div>
            <div
              class="text-sm text-gray-500"
            >
              Projects with verified outcomes
            </div>
          </div>
          <div
            class="text-center bg-white p-6 rounded-xl shadow-lg hover:shadow-xl transition-all duration-300 hover:scale-105"
          >
            <div
              class="inline-flex items-center justify-center w-16 h-16 rounded-full bg-gray-100 mb-4"
            >
              <svg
                class="lucide lucide-globe w-8 h-8 text-teal-600"
                fill="none"
                height="24"
                stroke="currentColor"
                stroke-linecap="round"
                stroke-linejoin="round"
                stroke-width="2"
                viewBox="0 0 24 24"
                width="24"
                xmlns="http://www.w3.org/2000/svg"
              >
                <circle
                  cx="12"
                  cy="12"
                  r="10"
                />
                <path
                  d="M12 2a14.5 14.5 0 0 0 0 20 14.5 14.5 0 0 0 0-20"
                />
                <path
                  d="M2 12h20"
                />
              </svg>
            </div>
            <div
              class="text-3xl font-bold text-gray-900 mb-2"
            >
              ...
            </div>
            <div
              class="text-gray-800 font-semibold mb-1"
            >
              Countries Served
            </div>
            <div
              class="text-sm text-gray-500"
            >
              Regional impact reach
            </div>
          </div>
        </div>
        <div
          class="mt-12 text-center bg-white p-8 rounded-xl shadow-lg"
        >
          <h3
            class="text-xl font-bold text-gray-900 mb-4"
          >
            Why Invest in WATHACI Connect?
          </h3>
          <div
            class="grid md:grid-cols-3 gap-6 text-left"
          >
            <div>
              <h4
                class="font-semibold text-gray-800 mb-2"
              >
                Proven Track Record
              </h4>
              <p
                class="text-sm text-gray-600"
              >
                Consistent growth in user adoption and successful project completion rates
              </p>
            </div>
            <div>
              <h4
                class="font-semibold text-gray-800 mb-2"
              >
                Scalable Impact
              </h4>
              <p
                class="text-sm text-gray-600"
              >
                Each investment multiplies across our network, creating exponential value
              </p>
            </div>
            <div>
              <h4
                class="font-semibold text-gray-800 mb-2"
              >
                Sustainable Growth
              </h4>
              <p
                class="text-sm text-gray-600"
              >
                Building long-term economic development through SME empowerment
              </p>
            </div>
          </div>
        </div>
      </div>
    </div>
  </section>
</div>
`;
